// Jest Snapshot v1, https://goo.gl/fbAQLP

exports[`Github Callback Page matches snapshot 1`] = `null`;
